{
  "error": {
    "code": "InvalidRequest",
    "detail": null
  }
}
