{
  "error": {
    "code": "MjUserNotFound",
    "detail": null
  }
}
