{
  "token": "eyJhbGciOiJIUzI1NiIsInR5cCI6IkpXVCJ9.eyJpc3MiOiJteUp1ZGdtZW50IiwiYXVkIjoiTVRBd01BPT0iLCJ1c2VySUQiOjEwMDAsImV4cCI6MTY4NTg3Nzk0NCwiaWF0IjoxNjg1ODc0MzQ0fQ.ZbxHQGTK-zgfl2wNbNFhWS2pjZcxKGkwBhUsPNwZwt8"
}
