{
  "mjUser": {
    "id": 1,
    "password": "G9OZALSRTEPXO10E"
  }
}
