{
  "error": {
    "code": "MjUserNameConflict",
    "detail": null
  }
}
