{
  "error": {
    "code": "InvalidParameter",
    "detail": null
  }
}
